// Jest Snapshot v1, https://goo.gl/fbAQLP

exports[`App tests Snapshot matches 1`] = `ShallowWrapper {}`;
